------------------------------------------------------------
Timing Analyzer Summary
------------------------------------------------------------

Type  : Slow 1100mV 85C Model Setup 'Decryption:dec256|roundNum[0]'
Slack : -21.841
TNS   : -366.566

Type  : Slow 1100mV 85C Model Setup 'clk'
Slack : -18.689
TNS   : -23278.252

Type  : Slow 1100mV 85C Model Setup 'Decryption:dec128|roundNum[0]'
Slack : -16.900
TNS   : -294.564

Type  : Slow 1100mV 85C Model Setup 'Decryption:dec192|roundNum[0]'
Slack : -16.107
TNS   : -263.903

Type  : Slow 1100mV 85C Model Setup 'aesEncrypt:enc256|roundNum[0]'
Slack : -14.767
TNS   : -255.020

Type  : Slow 1100mV 85C Model Setup 'aesEncrypt:enc128|roundNum[0]'
Slack : -14.189
TNS   : -242.739

Type  : Slow 1100mV 85C Model Setup 'aesEncrypt:enc192|roundNum[0]'
Slack : -13.726
TNS   : -232.675

Type  : Slow 1100mV 85C Model Hold 'clk'
Slack : -7.625
TNS   : -8626.215

Type  : Slow 1100mV 85C Model Hold 'Decryption:dec256|roundNum[0]'
Slack : -3.862
TNS   : -50.881

Type  : Slow 1100mV 85C Model Hold 'Decryption:dec128|roundNum[0]'
Slack : -3.371
TNS   : -41.169

Type  : Slow 1100mV 85C Model Hold 'aesEncrypt:enc192|roundNum[0]'
Slack : -3.356
TNS   : -23.920

Type  : Slow 1100mV 85C Model Hold 'aesEncrypt:enc256|roundNum[0]'
Slack : -2.463
TNS   : -22.759

Type  : Slow 1100mV 85C Model Hold 'Decryption:dec192|roundNum[0]'
Slack : -1.599
TNS   : -15.991

Type  : Slow 1100mV 85C Model Hold 'aesEncrypt:enc128|roundNum[0]'
Slack : -1.405
TNS   : -2.197

Type  : Slow 1100mV 85C Model Minimum Pulse Width 'Decryption:dec256|roundNum[0]'
Slack : -4.788
TNS   : -343.743

Type  : Slow 1100mV 85C Model Minimum Pulse Width 'aesEncrypt:enc256|roundNum[0]'
Slack : -3.378
TNS   : -221.002

Type  : Slow 1100mV 85C Model Minimum Pulse Width 'aesEncrypt:enc192|roundNum[0]'
Slack : -3.006
TNS   : -200.075

Type  : Slow 1100mV 85C Model Minimum Pulse Width 'Decryption:dec128|roundNum[0]'
Slack : -2.382
TNS   : -172.363

Type  : Slow 1100mV 85C Model Minimum Pulse Width 'Decryption:dec192|roundNum[0]'
Slack : -0.946
TNS   : -45.608

Type  : Slow 1100mV 85C Model Minimum Pulse Width 'aesEncrypt:enc128|roundNum[0]'
Slack : -0.816
TNS   : -38.323

Type  : Slow 1100mV 85C Model Minimum Pulse Width 'clk'
Slack : -0.394
TNS   : -1248.484

Type  : Slow 1100mV 0C Model Setup 'Decryption:dec256|roundNum[0]'
Slack : -21.173
TNS   : -356.825

Type  : Slow 1100mV 0C Model Setup 'clk'
Slack : -18.187
TNS   : -22653.860

Type  : Slow 1100mV 0C Model Setup 'Decryption:dec128|roundNum[0]'
Slack : -16.558
TNS   : -288.913

Type  : Slow 1100mV 0C Model Setup 'Decryption:dec192|roundNum[0]'
Slack : -15.591
TNS   : -257.363

Type  : Slow 1100mV 0C Model Setup 'aesEncrypt:enc256|roundNum[0]'
Slack : -14.531
TNS   : -250.633

Type  : Slow 1100mV 0C Model Setup 'aesEncrypt:enc128|roundNum[0]'
Slack : -13.888
TNS   : -238.699

Type  : Slow 1100mV 0C Model Setup 'aesEncrypt:enc192|roundNum[0]'
Slack : -13.403
TNS   : -227.137

Type  : Slow 1100mV 0C Model Hold 'clk'
Slack : -7.483
TNS   : -8627.611

Type  : Slow 1100mV 0C Model Hold 'Decryption:dec256|roundNum[0]'
Slack : -3.777
TNS   : -48.579

Type  : Slow 1100mV 0C Model Hold 'aesEncrypt:enc192|roundNum[0]'
Slack : -3.266
TNS   : -23.880

Type  : Slow 1100mV 0C Model Hold 'Decryption:dec128|roundNum[0]'
Slack : -3.247
TNS   : -38.830

Type  : Slow 1100mV 0C Model Hold 'aesEncrypt:enc256|roundNum[0]'
Slack : -2.387
TNS   : -22.894

Type  : Slow 1100mV 0C Model Hold 'Decryption:dec192|roundNum[0]'
Slack : -1.615
TNS   : -16.228

Type  : Slow 1100mV 0C Model Hold 'aesEncrypt:enc128|roundNum[0]'
Slack : -1.392
TNS   : -2.631

Type  : Slow 1100mV 0C Model Minimum Pulse Width 'Decryption:dec256|roundNum[0]'
Slack : -4.527
TNS   : -326.835

Type  : Slow 1100mV 0C Model Minimum Pulse Width 'aesEncrypt:enc256|roundNum[0]'
Slack : -3.272
TNS   : -211.442

Type  : Slow 1100mV 0C Model Minimum Pulse Width 'aesEncrypt:enc192|roundNum[0]'
Slack : -2.861
TNS   : -190.429

Type  : Slow 1100mV 0C Model Minimum Pulse Width 'Decryption:dec128|roundNum[0]'
Slack : -2.299
TNS   : -164.858

Type  : Slow 1100mV 0C Model Minimum Pulse Width 'aesEncrypt:enc128|roundNum[0]'
Slack : -0.837
TNS   : -40.396

Type  : Slow 1100mV 0C Model Minimum Pulse Width 'Decryption:dec192|roundNum[0]'
Slack : -0.831
TNS   : -39.101

Type  : Slow 1100mV 0C Model Minimum Pulse Width 'clk'
Slack : -0.394
TNS   : -1148.212

Type  : Fast 1100mV 85C Model Setup 'Decryption:dec256|roundNum[0]'
Slack : -13.271
TNS   : -218.415

Type  : Fast 1100mV 85C Model Setup 'clk'
Slack : -12.119
TNS   : -14399.799

Type  : Fast 1100mV 85C Model Setup 'Decryption:dec128|roundNum[0]'
Slack : -9.729
TNS   : -164.987

Type  : Fast 1100mV 85C Model Setup 'Decryption:dec192|roundNum[0]'
Slack : -9.530
TNS   : -149.177

Type  : Fast 1100mV 85C Model Setup 'aesEncrypt:enc256|roundNum[0]'
Slack : -8.373
TNS   : -141.949

Type  : Fast 1100mV 85C Model Setup 'aesEncrypt:enc128|roundNum[0]'
Slack : -8.234
TNS   : -133.497

Type  : Fast 1100mV 85C Model Setup 'aesEncrypt:enc192|roundNum[0]'
Slack : -7.928
TNS   : -127.279

Type  : Fast 1100mV 85C Model Hold 'clk'
Slack : -4.261
TNS   : -4496.696

Type  : Fast 1100mV 85C Model Hold 'Decryption:dec256|roundNum[0]'
Slack : -2.660
TNS   : -37.802

Type  : Fast 1100mV 85C Model Hold 'Decryption:dec128|roundNum[0]'
Slack : -2.222
TNS   : -28.546

Type  : Fast 1100mV 85C Model Hold 'aesEncrypt:enc192|roundNum[0]'
Slack : -2.149
TNS   : -14.039

Type  : Fast 1100mV 85C Model Hold 'aesEncrypt:enc256|roundNum[0]'
Slack : -1.475
TNS   : -12.586

Type  : Fast 1100mV 85C Model Hold 'Decryption:dec192|roundNum[0]'
Slack : -1.015
TNS   : -11.775

Type  : Fast 1100mV 85C Model Hold 'aesEncrypt:enc128|roundNum[0]'
Slack : -0.763
TNS   : -0.784

Type  : Fast 1100mV 85C Model Minimum Pulse Width 'Decryption:dec256|roundNum[0]'
Slack : -3.081
TNS   : -214.920

Type  : Fast 1100mV 85C Model Minimum Pulse Width 'aesEncrypt:enc192|roundNum[0]'
Slack : -2.113
TNS   : -131.997

Type  : Fast 1100mV 85C Model Minimum Pulse Width 'aesEncrypt:enc256|roundNum[0]'
Slack : -2.068
TNS   : -122.729

Type  : Fast 1100mV 85C Model Minimum Pulse Width 'Decryption:dec128|roundNum[0]'
Slack : -1.394
TNS   : -95.873

Type  : Fast 1100mV 85C Model Minimum Pulse Width 'Decryption:dec192|roundNum[0]'
Slack : -0.552
TNS   : -18.743

Type  : Fast 1100mV 85C Model Minimum Pulse Width 'clk'
Slack : -0.347
TNS   : -604.875

Type  : Fast 1100mV 85C Model Minimum Pulse Width 'aesEncrypt:enc128|roundNum[0]'
Slack : -0.283
TNS   : -8.138

Type  : Fast 1100mV 0C Model Setup 'Decryption:dec256|roundNum[0]'
Slack : -11.929
TNS   : -197.682

Type  : Fast 1100mV 0C Model Setup 'clk'
Slack : -10.267
TNS   : -12602.131

Type  : Fast 1100mV 0C Model Setup 'Decryption:dec128|roundNum[0]'
Slack : -8.884
TNS   : -151.405

Type  : Fast 1100mV 0C Model Setup 'Decryption:dec192|roundNum[0]'
Slack : -8.646
TNS   : -136.824

Type  : Fast 1100mV 0C Model Setup 'aesEncrypt:enc256|roundNum[0]'
Slack : -7.725
TNS   : -131.292

Type  : Fast 1100mV 0C Model Setup 'aesEncrypt:enc128|roundNum[0]'
Slack : -7.524
TNS   : -123.702

Type  : Fast 1100mV 0C Model Setup 'aesEncrypt:enc192|roundNum[0]'
Slack : -7.263
TNS   : -118.033

Type  : Fast 1100mV 0C Model Hold 'clk'
Slack : -4.150
TNS   : -4612.883

Type  : Fast 1100mV 0C Model Hold 'Decryption:dec256|roundNum[0]'
Slack : -2.329
TNS   : -32.078

Type  : Fast 1100mV 0C Model Hold 'Decryption:dec128|roundNum[0]'
Slack : -1.956
TNS   : -24.793

Type  : Fast 1100mV 0C Model Hold 'aesEncrypt:enc192|roundNum[0]'
Slack : -1.951
TNS   : -13.303

Type  : Fast 1100mV 0C Model Hold 'aesEncrypt:enc256|roundNum[0]'
Slack : -1.301
TNS   : -11.021

Type  : Fast 1100mV 0C Model Hold 'Decryption:dec192|roundNum[0]'
Slack : -0.923
TNS   : -10.288

Type  : Fast 1100mV 0C Model Hold 'aesEncrypt:enc128|roundNum[0]'
Slack : -0.692
TNS   : -0.812

Type  : Fast 1100mV 0C Model Minimum Pulse Width 'Decryption:dec256|roundNum[0]'
Slack : -2.596
TNS   : -182.971

Type  : Fast 1100mV 0C Model Minimum Pulse Width 'aesEncrypt:enc192|roundNum[0]'
Slack : -1.751
TNS   : -110.804

Type  : Fast 1100mV 0C Model Minimum Pulse Width 'aesEncrypt:enc256|roundNum[0]'
Slack : -1.747
TNS   : -103.685

Type  : Fast 1100mV 0C Model Minimum Pulse Width 'Decryption:dec128|roundNum[0]'
Slack : -1.173
TNS   : -79.971

Type  : Fast 1100mV 0C Model Minimum Pulse Width 'Decryption:dec192|roundNum[0]'
Slack : -0.399
TNS   : -11.635

Type  : Fast 1100mV 0C Model Minimum Pulse Width 'clk'
Slack : -0.325
TNS   : -568.451

Type  : Fast 1100mV 0C Model Minimum Pulse Width 'aesEncrypt:enc128|roundNum[0]'
Slack : -0.204
TNS   : -5.553

------------------------------------------------------------
